REMOVED/8edbdee2-da52-4278-af40-267185bbcd7e/TellReadJob/Full/TellReadJob_I1_C519.fastq.gz.erroneous.fastq
1932116	34778088
