REMOVED/8edbdee2-da52-4278-af40-267185bbcd7e/TellReadJob/Full/TellReadJob_R1_C519.fastq.gz.corrected.err_barcode_removed.fastq
64464162	8345327641
