REMOVED/8edbdee2-da52-4278-af40-267185bbcd7e/TellReadJob/Full/TellReadJob_I1_C520.fastq.gz.corrected.err_barcode_removed.fastq
70399028	1267182504
