REMOVED/8edbdee2-da52-4278-af40-267185bbcd7e/TRIntegrateJob/integrated/LS_8_22_2014_R2_SRE_S2_L007_R2_001.fastq.gz
64464162	8370238082
