REMOVED/8edbdee2-da52-4278-af40-267185bbcd7e/TRIntegrateJob/integrated/Test_8_22_2014_R1_example_S3_L007_I1_001.fastq.gz
64464162	1160354916
